{
    "VERSIONS|DATABASE": {
        "VERSION": "version_3_0_7"
    },
    "FLEX_COUNTER_TABLE|ACL": {
        "FLEX_COUNTER_STATUS": "true",
        "FLEX_COUNTER_DELAY_STATUS": "true",
        "POLL_INTERVAL": "10000"
    },
    "FLEX_COUNTER_TABLE|QUEUE": {
        "FLEX_COUNTER_STATUS": "true",
        "FLEX_COUNTER_DELAY_STATUS": "true",
        "POLL_INTERVAL": "10000"
    },
    "FLEX_COUNTER_TABLE|PG_WATERMARK": {
        "FLEX_COUNTER_STATUS": "false",
        "FLEX_COUNTER_DELAY_STATUS": "true"
    }
}
