{
    "AAA|accounting": {
        "login": "local"
    },
    "AAA|authentication": {
        "login": "tacacs+"
    },
    "AAA|authorization": {
        "login": "local"
    },
    "TACPLUS|global": {
        "auth_type": "login",
        "passkey": "testpasskey"
    },
    "DEVICE_METADATA|localhost": {
        "type": "ToRRouter"
    }
}