{
    "AAA|accounting": {
        "login": "tacacs+,local"
    },
    "AAA|authentication": {
        "login": "tacacs+"
    },
    "TACPLUS|global": {
        "auth_type": "login"
    },
    "DEVICE_METADATA|localhost": {
        "type": "ToRRouter"
    }
}