{
    "VERSIONS|DATABASE": {
        "VERSION": "version_2_0_0"
    },
    "DSCP_TO_TC_MAP": {
        "AZURE": {
            "0": "0",
            "1": "1"
        }
    },
    "PORT_QOS_MAP": {
        "global": {
            "dscp_to_tc_map": "[DSCP_TO_TC_MAP|AZURE]"
        },
        "Ethernet0": {
            "dscp_to_tc_map": "[DSCP_TO_TC_MAP|AZURE]",
            "pfc_enable": "3,4",
            "pfc_to_queue_map": "[MAP_PFC_PRIORITY_TO_QUEUE|AZURE]",
            "tc_to_pg_map": "[TC_TO_PRIORITY_GROUP_MAP|AZURE]",
            "tc_to_queue_map": "[TC_TO_QUEUE_MAP|AZURE]"
        }
    }
}
